// Jest Snapshot v1, https://goo.gl/fbAQLP

exports[`Meta renders correctly 1`] = `
<span
  className="meta__date"
>
  September 1, 2016
</span>
`;
