// Jest Snapshot v1, https://goo.gl/fbAQLP

exports[`Post renders correctly 1`] = `
<div
  className="post"
>
  <a
    className="post__home-button"
    href="/"
  >
    All Articles
  </a>
  <div
    className="post__content"
  >
    <div
      className="content"
    >
      <h1
        className="content__title"
      >
        test
      </h1>
      <div
        className="content__datereadline"
      >
        <span
          className="meta__date"
        >
          September 1, 2016
        </span>
         â€¢ 
        1 min
      </div>
      <div
        className="content__body"
        dangerouslySetInnerHTML={
          Object {
            "__html": "<p>test</p>",
          }
        }
      />
    </div>
  </div>
  <div
    className="post__footer"
  >
    <div
      className="tags"
    >
      <ul
        className="tags__list"
      >
        <li
          className="tags__list-item"
        >
          <a
            className="tags__list-item-link"
            href="/test_0"
          >
            test_0
          </a>
        </li>
        <li
          className="tags__list-item"
        >
          <a
            className="tags__list-item-link"
            href="/test_1"
          >
            test_1
          </a>
        </li>
      </ul>
    </div>
    <p
      className="post__footer-text"
    >
      Reach me with comments on
       
      <a
        href="https://twitter.com/#"
        rel="noopener noreferrer"
        target="_blank"
      >
        <svg
          className="icon icon-large"
          viewBox="0 0 26 28"
        >
          <title>
            twitter
          </title>
          <path
            d="M25.312 6.375c-0.688 1-1.547 1.891-2.531 2.609 0.016 0.219 0.016 0.438 0.016 0.656 0 6.672-5.078 14.359-14.359 14.359-2.859 0-5.516-0.828-7.75-2.266 0.406 0.047 0.797 0.063 1.219 0.063 2.359 0 4.531-0.797 6.266-2.156-2.219-0.047-4.078-1.5-4.719-3.5 0.313 0.047 0.625 0.078 0.953 0.078 0.453 0 0.906-0.063 1.328-0.172-2.312-0.469-4.047-2.5-4.047-4.953v-0.063c0.672 0.375 1.453 0.609 2.281 0.641-1.359-0.906-2.25-2.453-2.25-4.203 0-0.938 0.25-1.797 0.688-2.547 2.484 3.062 6.219 5.063 10.406 5.281-0.078-0.375-0.125-0.766-0.125-1.156 0-2.781 2.25-5.047 5.047-5.047 1.453 0 2.766 0.609 3.687 1.594 1.141-0.219 2.234-0.641 3.203-1.219-0.375 1.172-1.172 2.156-2.219 2.781 1.016-0.109 2-0.391 2.906-0.781z"
          />
        </svg>
      </a>
    </p>
    <div
      className="pagination"
    >
      <div
        className="pagination__prev"
      />
      <div
        className="pagination__next"
      />
    </div>
  </div>
</div>
`;
